// Jest Snapshot v1, https://goo.gl/fbAQLP

exports[`Button matches snapshot 1`] = `
<button
  className="sc-bdVaJa kPKiwi"
  color="primary"
  type="button"
/>
`;
